import time: self [us] | cumulative | imported package
import time:       432 |        432 | winreg
import time:       672 |        672 |   _io
import time:       145 |        145 |   marshal
import time:       615 |        615 |   nt
import time:      2098 |       3529 | _frozen_importlib_external
import time:      1792 |       1792 |   time
import time:       856 |       2647 | zipimport
import time:       204 |        204 |     _codecs
import time:      1828 |       2031 |   codecs
import time:      3189 |       3189 |   encodings.aliases
import time:      1602 |       1602 |   encodings._win_cp_codecs
import time:      5121 |      11942 | encodings
import time:      1568 |       1568 | encodings.utf_8
import time:      1713 |       1713 | encodings.cp1252
import time:       224 |        224 | _signal
import time:       128 |        128 |       _abc
import time:       601 |        729 |     abc
import time:       212 |        212 |       _stat
import time:       536 |        747 |     stat
import time:      2983 |       2983 |     _collections_abc
import time:       302 |        302 |       genericpath
import time:       311 |        311 |       _winapi
import time:       750 |       1362 |     ntpath
import time:      1613 |       7430 |   os
import time:       306 |        306 |   _sitebuiltins
import time:      1470 |       1470 |   errno
import time:     10198 |      10198 |   encodings.utf_8_sig
import time:      5580 |       5580 |   _distutils_hack
import time:      2274 |       2274 |   sitecustomize
import time:      8242 |      35498 | site
import time:      2451 |       2451 | linecache
import time:      8159 |       8159 |     starlette
import time:      2477 |       2477 |       __future__
import time:       517 |        517 |           _contextvars
import time:      2878 |       3394 |         _py_warnings
import time:      7430 |      10824 |       warnings
import time:      2166 |      15466 |     starlette.status
import time:       605 |        605 |           itertools
import time:      2184 |       2184 |           keyword
import time:       401 |        401 |             _operator
import time:      2700 |       3100 |           operator
import time:      1668 |       1668 |           reprlib
import time:       196 |        196 |           _collections
import time:      4290 |      12041 |         collections
import time:       106 |      12147 |       collections.abc
import time:       187 |        187 |           _types
import time:      3142 |       3328 |         types
import time:      5964 |       9292 |       enum
import time:      2019 |       2019 |         copyreg
import time:       278 |        278 |           _functools
import time:      4030 |       4307 |         functools
import time:       164 |        164 |         _typing
import time:      9795 |      16284 |       typing
import time:      2109 |       2109 |         annotated_doc.main
import time:      2713 |       4821 |       annotated_doc
import time:      3963 |       3963 |         contextlib
import time:      2156 |       2156 |           email
import time:       272 |        272 |           binascii
import time:       260 |        260 |               _sre
import time:      2238 |       2238 |                 re._constants
import time:      2490 |       4727 |               re._parser
import time:      1609 |       1609 |               re._casefix
import time:      4371 |      10966 |             re._compiler
import time:      2931 |      13897 |           re
import time:      2717 |       2717 |           quopri
import time:       780 |        780 |           io
import time:       244 |        244 |               _datetime
import time:      2455 |       2698 |             datetime
import time:      2344 |       2344 |               urllib
import time:       463 |        463 |               math
import time:      7345 |       7345 |               ipaddress
import time:      4935 |      15087 |             urllib.parse
import time:      2283 |       2283 |             email._parseaddr
import time:      9631 |      29697 |           email.utils
import time:      2968 |       2968 |           email.errors
import time:       559 |        559 |                   _string
import time:      2528 |       3087 |                 string
import time:      2382 |       5469 |               email.quoprimime
import time:       354 |        354 |                     _struct
import time:      2303 |       2657 |                   struct
import time:      2264 |       4921 |                 base64
import time:      1763 |       6683 |               email.base64mime
import time:      1398 |       1398 |                 email.encoders
import time:      1971 |       3369 |               email.charset
import time:      5389 |      20909 |             email.header
import time:      2626 |      23535 |           email._policybase
import time:      2323 |       2323 |           email._encoded_words
import time:      2408 |       2408 |           email.iterators
import time:      3245 |      83993 |         email.message
import time:       742 |        742 |               _ast
import time:      3463 |       4204 |             ast
import time:      5140 |       9344 |           annotationlib
import time:       181 |        181 |               _opcode
import time:      2028 |       2028 |               _opcode_metadata
import time:      2867 |       5075 |             opcode
import time:      9331 |      14405 |           dis
import time:      3023 |       3023 |             importlib
import time:       329 |       3352 |           importlib.machinery
import time:      2016 |       2016 |             token
import time:       177 |        177 |             _tokenize
import time:      9708 |      11900 |           tokenize
import time:      2933 |       2933 |             _weakrefset
import time:      3455 |       6388 |           weakref
import time:     14217 |      59603 |         inspect
import time:       262 |        262 |               _json
import time:      3075 |       3336 |             json.scanner
import time:      3751 |       7087 |           json.decoder
import time:      2246 |       2246 |           json.encoder
import time:      2417 |      11749 |         json
import time:      1911 |       1911 |             anyio._core
import time:      2579 |       4489 |           anyio._core._contextmanagers
import time:      8642 |       8642 |             threading
import time:      2659 |       2659 |             contextvars
import time:      4773 |       4773 |               textwrap
import time:      2981 |       7754 |             anyio._core._exceptions
import time:      1448 |       1448 |             sniffio
import time:      2245 |      22745 |           anyio._core._eventloop
import time:      1324 |       1324 |                 posix
import time:      1234 |       1234 |                 posix
import time:       696 |       3253 |               posixpath
import time:      2777 |       2777 |                 fnmatch
import time:      3468 |       6244 |               glob
import time:      1856 |       1856 |               pwd
import time:      1613 |       1613 |               grp
import time:      1330 |       1330 |                 fcntl
import time:      1314 |       1314 |                 posix
import time:      3585 |       6228 |               pathlib._os
import time:      6068 |      25260 |             pathlib
import time:      4193 |       4193 |               copy
import time:      3659 |       7852 |             dataclasses
import time:      2808 |       2808 |                   signal
import time:      6191 |       6191 |                     _socket
import time:     24501 |      30692 |                   socket
import time:      3130 |      36629 |                 anyio.abc._eventloop
import time:      1646 |       1646 |                 anyio.abc._resources
import time:      1771 |       1771 |                   anyio._core._typedattr
import time:      1922 |       1922 |                     anyio.abc._tasks
import time:      4138 |       6060 |                   anyio.abc._streams
import time:      3175 |      11004 |                 anyio.abc._sockets
import time:      1819 |       1819 |                 anyio.abc._subprocesses
import time:      1812 |       1812 |                 anyio.abc._testing
import time:      6547 |       6547 |                   anyio.lowlevel
import time:      2450 |       2450 |                   anyio._core._tasks
import time:      1936 |       1936 |                   anyio._core._testing
import time:     20310 |      31241 |                 anyio._core._synchronization
import time:      2592 |       2592 |                     concurrent
import time:      3850 |       3850 |                           codeop
import time:     40763 |      40763 |                           _colorize
import time:      5307 |      49919 |                         traceback
import time:       177 |        177 |                         atexit
import time:      9630 |      59725 |                       logging
import time:     26786 |      86511 |                     concurrent.futures._base
import time:       231 |        231 |                     _interpreters
import time:      3832 |      93164 |                   concurrent.futures
import time:     11441 |     104605 |                 anyio.from_thread
import time:      2545 |     191298 |               anyio.abc
import time:      1841 |     193139 |             anyio.to_thread
import time:     11595 |     237845 |           anyio._core._fileio
import time:      2431 |       2431 |           anyio._core._resources
import time:      1585 |       1585 |           anyio._core._signals
import time:     10562 |      10562 |               _ssl
import time:     19631 |      30193 |             ssl
import time:      1788 |       1788 |               anyio.streams
import time:      5185 |       6973 |             anyio.streams.stapled
import time:      4630 |       4630 |             anyio.streams.tls
import time:      5251 |      47046 |           anyio._core._sockets
import time:      8857 |       8857 |             anyio.streams.memory
import time:      2065 |      10921 |           anyio._core._streams
import time:       267 |        267 |                 _locale
import time:      8689 |       8955 |               locale
import time:      1325 |       1325 |               fcntl
import time:       169 |        169 |               msvcrt
import time:      5527 |      15975 |             subprocess
import time:      2633 |      18607 |           anyio._core._subprocesses
import time:       334 |        334 |                 zlib
import time:      2691 |       2691 |                     compression
import time:      2242 |       4932 |                   compression._common
import time:      2228 |       2228 |                   compression._common._streams
import time:      1747 |       1747 |                   _bz2
import time:      2530 |      11436 |                 bz2
import time:      2010 |       2010 |                   _lzma
import time:      2425 |       4435 |                 lzma
import time:      1906 |       1906 |                   _zstd
import time:      2312 |       2312 |                   compression.zstd._zstdfile
import time:      4149 |       8367 |                 compression.zstd
import time:      3955 |      28526 |               shutil
import time:       173 |        173 |                   _bisect
import time:      1879 |       2052 |                 bisect
import time:       204 |        204 |                 _random
import time:      2890 |       5145 |               random
import time:     12990 |      46660 |             tempfile
import time:      5340 |      51999 |           anyio._core._tempfile
import time:      2981 |     400645 |         anyio
import time:      8226 |       8226 |                       typing_extensions
import time:      3488 |       3488 |                       pydantic_core._pydantic_core
import time:      3654 |       3654 |                             numbers
import time:      3709 |       7363 |                           _decimal
import time:      2047 |       9409 |                         decimal
import time:     57522 |      66930 |                       pydantic_core.core_schema
import time:      4956 |      83598 |                     pydantic_core
import time:      1701 |      85299 |                   pydantic.version
import time:      2287 |      87586 |                 pydantic.warnings
import time:      3462 |      91047 |               pydantic._migration
import time:      2849 |       2849 |                   typing_inspection
import time:      9617 |       9617 |                   typing_inspection.typing_objects
import time:      4683 |      17148 |                 typing_inspection.introspection
import time:      2064 |       2064 |                 pydantic._internal
import time:      3313 |       3313 |                     pydantic._internal._namespace_utils
import time:      5453 |       8765 |                   pydantic._internal._typing_extra
import time:      2615 |      11379 |                 pydantic._internal._repr
import time:      2886 |      33476 |               pydantic.errors
import time:      3052 |     127575 |             pydantic
import time:      1477 |       1477 |                 pydantic._internal._internal_dataclass
import time:      5423 |       6900 |               pydantic.aliases
import time:      5819 |       5819 |               pydantic.config
import time:      2313 |      15031 |             pydantic._internal._config
import time:      1937 |       1937 |               pydantic._internal._core_utils
import time:      1619 |       1619 |                 pydantic._internal._import_utils
import time:      5354 |       6973 |               pydantic._internal._utils
import time:     16110 |      25018 |             pydantic._internal._decorators
import time:      8183 |       8183 |                 pydantic._internal._forward_ref
import time:      2672 |      10855 |               pydantic._internal._generics
import time:      1723 |       1723 |               pydantic._internal._docs_extraction
import time:      3666 |      16243 |             pydantic._internal._fields
import time:     10567 |      10567 |                 pydantic.plugin
import time:      7351 |      17918 |               pydantic.plugin._schema_validator
import time:      2144 |      20062 |             pydantic._internal._mock_val_ser
import time:      8223 |       8223 |                 fractions
import time:      2074 |       2074 |                   _uuid
import time:      3057 |       5131 |                 uuid
import time:      3237 |       3237 |                     sysconfig
import time:       102 |        102 |                     _sysconfig
import time:      7701 |      11039 |                   zoneinfo._tzpath
import time:      5096 |       5096 |                   zoneinfo._common
import time:      1960 |       1960 |                   _zoneinfo
import time:      3203 |      21297 |                 zoneinfo
import time:      1662 |       1662 |                 pydantic.annotated_handlers
import time:     10272 |      10272 |                 pydantic.functional_validators
import time:      2487 |       2487 |                   pydantic._internal._core_metadata
import time:      1685 |       1685 |                   pydantic._internal._schema_generation_shared
import time:      8898 |      13070 |                 pydantic.json_schema
import time:      3989 |       3989 |                 pydantic._internal._discriminated_union
import time:      5661 |       5661 |                 pydantic._internal._known_annotated_metadata
import time:      4728 |       4728 |                 pydantic._internal._schema_gather
import time:      6262 |      80290 |               pydantic._internal._generate_schema
import time:      6092 |       6092 |               pydantic._internal._signature
import time:      3091 |      89472 |             pydantic._internal._model_construction
import time:     10994 |      10994 |               http
import time:      8921 |      19914 |             starlette.exceptions
import time:     34535 |      34535 |               annotated_types
import time:      9615 |       9615 |               pydantic._internal._validators
import time:     25791 |      25791 |               pydantic.types
import time:     19086 |      89026 |             pydantic.fields
import time:      1858 |       1858 |                     importlib._abc
import time:       646 |       2504 |                   importlib.util
import time:     14914 |      14914 |                     zipfile._path.glob
import time:      3100 |      18013 |                   zipfile._path
import time:      9657 |      30173 |                 zipfile
import time:      4595 |       4595 |                 importlib.metadata._meta
import time:      1871 |       1871 |                 importlib.metadata._collections
import time:      1384 |       1384 |                 importlib.metadata._functools
import time:      1300 |       1300 |                 importlib.metadata._itertools
import time:      2558 |       2558 |                 importlib.abc
import time:      5219 |      47097 |               importlib.metadata
import time:      7785 |      54881 |             pydantic.plugin._loader
import time:     53200 |     510419 |           fastapi.exceptions
import time:      5311 |       5311 |             fastapi.openapi
import time:      1841 |       1841 |                 fastapi.types
import time:      2688 |       2688 |                   shlex
import time:      1832 |       1832 |                   starlette.concurrency
import time:      2081 |       2081 |                   starlette.types
import time:      9353 |      15952 |                 starlette.datastructures
import time:      3036 |      20829 |               fastapi._compat.shared
import time:      1370 |       1370 |                 fastapi.openapi.constants
import time:      6751 |       8121 |               fastapi._compat.v2
import time:      2945 |      31893 |             fastapi._compat
import time:      1436 |       1436 |             fastapi.logger
import time:      1266 |       1266 |             email_validator
import time:    444066 |     483969 |           fastapi.openapi.models
import time:      2596 |       2596 |           fastapi.datastructures
import time:      9955 |    1006939 |         fastapi.params
import time:      3330 |       3330 |           fastapi.dependencies
import time:      5072 |       5072 |                 fastapi.security.base
import time:      8245 |       8245 |                   http.cookies
import time:      5428 |       5428 |                   starlette._utils
import time:      3842 |       3842 |                           python_multipart.exceptions
import time:      5941 |       9783 |                         python_multipart.decoders
import time:     11678 |      21461 |                       python_multipart.multipart
import time:      3530 |      24990 |                     python_multipart
import time:      9587 |      34577 |                   starlette.formparsers
import time:      3297 |      51546 |                 starlette.requests
import time:     16111 |      72728 |               fastapi.security.api_key
import time:      2775 |       2775 |                 fastapi.security.utils
import time:      6407 |       9181 |               fastapi.security.http
import time:      2027 |       2027 |                 fastapi.param_functions
import time:      2367 |       4394 |               fastapi.security.oauth2
import time:      2710 |       2710 |               fastapi.security.open_id_connect_url
import time:      5174 |      94184 |             fastapi.security
import time:       166 |      94350 |           fastapi.security.base
import time:     25819 |     123498 |         fastapi.dependencies.models
import time:      1660 |       1660 |             starlette.background
import time:      2465 |       4125 |           fastapi.background
import time:      1520 |       1520 |           fastapi.concurrency
import time:      1908 |       1908 |           fastapi.utils
import time:      4618 |       4618 |               _hashlib
import time:       252 |        252 |               _blake2
import time:      2400 |       7269 |             hashlib
import time:      2646 |       2646 |             mimetypes
import time:       276 |        276 |                 _hmac
import time:      2421 |       2697 |               hmac
import time:      3816 |       6513 |             secrets
import time:     24970 |      41396 |           starlette.responses
import time:      2608 |       2608 |           starlette.websockets
import time:     16496 |      68050 |         fastapi.dependencies.utils
import time:      8034 |       8034 |             colorsys
import time:      5237 |      13270 |           pydantic.color
import time:      1288 |       1288 |             pydantic_extra_types
import time:       111 |       1399 |           pydantic_extra_types.color
import time:      8869 |      23538 |         fastapi.encoders
import time:      8346 |       8346 |         fastapi.sse
import time:      1877 |       1877 |           starlette._exception_handler
import time:      2490 |       2490 |           starlette.convertors
import time:      2162 |       2162 |           starlette.middleware
import time:     10373 |      16900 |         starlette.routing
import time:      5716 |    1812934 |       fastapi.routing
import time:      2564 |       2564 |         fastapi.websockets
import time:      1875 |       4439 |       fastapi.exception_handlers
import time:      2402 |       2402 |         fastapi.middleware
import time:      2831 |       5233 |       fastapi.middleware.asyncexitstack
import time:      2273 |       2273 |       fastapi.openapi.docs
import time:      3144 |       3144 |             email.feedparser
import time:      1671 |       4814 |           email.parser
import time:      3926 |       8740 |         http.client
import time:      4349 |       4349 |         fastapi.responses
import time:      2170 |      15258 |       fastapi.openapi.utils
import time:      7916 |       7916 |             html.entities
import time:      2891 |      10807 |           html
import time:      2275 |      13082 |         starlette.middleware.errors
import time:      7846 |       7846 |         starlette.middleware.exceptions
import time:      1785 |      22712 |       starlette.applications
import time:      3816 |       3816 |       starlette.middleware.base
import time:      5128 |    1914332 |     fastapi.applications
import time:      1598 |       1598 |     fastapi.requests
import time:      2824 |    1942377 |   fastapi
import time:      5497 |       5497 |     starlette.middleware.cors
import time:      1405 |       6902 |   fastapi.middleware.cors
import time:      1868 |       1868 |     starlette.staticfiles
import time:      1390 |       3258 |   fastapi.staticfiles
import time:      2010 |       2010 |     app
import time:      9608 |       9608 |         sqlalchemy.util.preloaded
import time:      1910 |       1910 |             sqlalchemy.cyextension
import time:      2336 |       2336 |             sqlalchemy.cyextension.collections
import time:      1804 |       1804 |             sqlalchemy.cyextension.immutabledict
import time:      2407 |       2407 |             sqlalchemy.cyextension.processors
import time:      1661 |       1661 |             sqlalchemy.cyextension.resultproxy
import time:      6276 |       6276 |                     _wmi
import time:      3881 |      10156 |                   platform
import time:    112817 |     122972 |                 sqlalchemy.util.compat
import time:     14018 |     136990 |               sqlalchemy.exc
import time:      2018 |     139008 |             sqlalchemy.cyextension.util
import time:      2190 |     151314 |           sqlalchemy.util._has_cy
import time:      3389 |       3389 |           sqlalchemy.util.typing
import time:      3703 |     158405 |         sqlalchemy.util._collections
import time:       126 |        126 |                 _heapq
import time:      1460 |       1586 |               heapq
import time:      2227 |       2227 |               asyncio.constants
import time:      4606 |       4606 |               asyncio.coroutines
import time:      3079 |       3079 |                 asyncio.format_helpers
import time:      3262 |       3262 |                   asyncio.base_futures
import time:      3140 |       3140 |                   asyncio.exceptions
import time:      2723 |       2723 |                   asyncio.base_tasks
import time:      1755 |      10879 |                 _asyncio
import time:     15230 |      29187 |               asyncio.events
import time:      6338 |       6338 |               asyncio.futures
import time:      4043 |       4043 |               asyncio.protocols
import time:      4605 |       4605 |                 asyncio.transports
import time:      1231 |       1231 |                 asyncio.log
import time:     17541 |      23375 |               asyncio.sslproto
import time:      8026 |       8026 |                   asyncio.mixins
import time:     14849 |      22874 |                 asyncio.locks
import time:      9002 |       9002 |                   asyncio.queues
import time:      8498 |       8498 |                   asyncio.timeouts
import time:     20837 |      38335 |                 asyncio.tasks
import time:      4777 |      65985 |               asyncio.staggered
import time:      2856 |       2856 |               asyncio.trsock
import time:     64113 |     204313 |             asyncio.base_events
import time:      7132 |       7132 |             asyncio.graph
import time:      5350 |       5350 |             asyncio.runners
import time:     13299 |      13299 |             asyncio.streams
import time:      6393 |       6393 |             asyncio.subprocess
import time:      5855 |       5855 |             asyncio.taskgroups
import time:      2394 |       2394 |             asyncio.threads
import time:      2427 |       2427 |               _overlapped
import time:      7808 |       7808 |               asyncio.base_subprocess
import time:     30068 |      30068 |               asyncio.proactor_events
import time:      1244 |       1244 |                   select
import time:      2682 |       3926 |                 selectors
import time:     34077 |      38002 |               asyncio.selector_events
import time:      4534 |       4534 |               asyncio.windows_utils
import time:     23786 |     106624 |             asyncio.windows_events
import time:      4294 |     355650 |           asyncio
import time:      3597 |       3597 |             greenlet._greenlet
import time:      1920 |       5516 |           greenlet
import time:      7144 |       7144 |             sqlalchemy.util.langhelpers
import time:      2277 |       9420 |           sqlalchemy.util._concurrency_py3k
import time:      1567 |     372152 |         sqlalchemy.util.concurrency
import time:      1985 |       1985 |         sqlalchemy.util.deprecations
import time:     13042 |     555190 |       sqlalchemy.util
import time:      1918 |       1918 |                         sqlalchemy.event.registry
import time:      1434 |       3352 |                       sqlalchemy.event.legacy
import time:      2664 |       6015 |                     sqlalchemy.event.attr
import time:      3070 |       9085 |                   sqlalchemy.event.base
import time:      1350 |      10435 |                 sqlalchemy.event.api
import time:      1158 |      11592 |               sqlalchemy.event
import time:      1489 |       1489 |                     sqlalchemy.log
import time:      6293 |       7782 |                   sqlalchemy.pool.base
import time:      2736 |      10518 |                 sqlalchemy.pool.events
import time:      3038 |       3038 |                   sqlalchemy.util.queue
import time:      2370 |       5408 |                 sqlalchemy.pool.impl
import time:      1681 |      17605 |               sqlalchemy.pool
import time:      4141 |       4141 |                     sqlalchemy.sql.roles
import time:      2876 |       2876 |                     sqlalchemy.inspection
import time:     11181 |      18197 |                   sqlalchemy.sql._typing
import time:      6682 |       6682 |                     sqlalchemy.sql.visitors
import time:     21334 |      21334 |                     sqlalchemy.sql.cache_key
import time:      4312 |       4312 |                       sqlalchemy.sql.operators
import time:      3327 |       7638 |                     sqlalchemy.sql.traversals
import time:     12212 |      47864 |                   sqlalchemy.sql.base
import time:      6447 |       6447 |                     sqlalchemy.sql.coercions
import time:      3053 |       3053 |                           sqlalchemy.sql.annotation
import time:     17889 |      17889 |                               sqlalchemy.sql.type_api
import time:     24717 |      42606 |                             sqlalchemy.sql.elements
import time:      1507 |       1507 |                             sqlalchemy.util.topological
import time:      5963 |      50075 |                           sqlalchemy.sql.ddl
import time:      2318 |       2318 |                                   _compat_pickle
import time:       420 |        420 |                                   _pickle
import time:      4256 |       6992 |                                 pickle
import time:      3390 |       3390 |                                   sqlalchemy.engine._py_processors
import time:      1716 |       5106 |                                 sqlalchemy.engine.processors
import time:     17738 |      29835 |                               sqlalchemy.sql.sqltypes
import time:     29620 |      59455 |                             sqlalchemy.sql.selectable
import time:     10987 |      70441 |                           sqlalchemy.sql.schema
import time:     17104 |     140672 |                         sqlalchemy.sql.util
import time:      9160 |     149831 |                       sqlalchemy.sql.dml
import time:      9588 |     159419 |                     sqlalchemy.sql.crud
import time:     12375 |      12375 |                     sqlalchemy.sql.functions
import time:     14066 |     192306 |                   sqlalchemy.sql.compiler
import time:      1931 |       1931 |                     sqlalchemy.sql._dml_constructors
import time:      1907 |       1907 |                     sqlalchemy.sql._elements_constructors
import time:      2081 |       2081 |                     sqlalchemy.sql._selectable_constructors
import time:      4337 |       4337 |                     sqlalchemy.sql.lambdas
import time:      2096 |      12351 |                   sqlalchemy.sql.expression
import time:      1893 |       1893 |                   sqlalchemy.sql.default_comparator
import time:      2011 |       2011 |                     sqlalchemy.sql.events
import time:      1546 |       3556 |                   sqlalchemy.sql.naming
import time:     32885 |     309048 |                 sqlalchemy.sql
import time:        84 |     309132 |               sqlalchemy.sql.compiler
import time:      8604 |     346932 |             sqlalchemy.engine.interfaces
import time:      1620 |       1620 |             sqlalchemy.engine.util
import time:      3312 |     351863 |           sqlalchemy.engine.base
import time:      5087 |     356949 |         sqlalchemy.engine.events
import time:      1246 |       1246 |             sqlalchemy.dialects
import time:      2462 |       3708 |           sqlalchemy.engine.url
import time:      1192 |       1192 |           sqlalchemy.engine.mock
import time:      2235 |       7133 |         sqlalchemy.engine.create
import time:      4186 |       4186 |             sqlalchemy.engine.row
import time:     10368 |      14554 |           sqlalchemy.engine.result
import time:      5763 |      20316 |         sqlalchemy.engine.cursor
import time:      7696 |       7696 |         sqlalchemy.engine.reflection
import time:      2125 |     394218 |       sqlalchemy.engine
import time:      1614 |       1614 |       sqlalchemy.schema
import time:      1096 |       1096 |       sqlalchemy.types
import time:      1301 |       1301 |         sqlalchemy.engine.characteristics
import time:      3647 |       4948 |       sqlalchemy.engine.default
import time:      3602 |     960667 |     sqlalchemy
import time:      1964 |       1964 |                   sqlalchemy.sql._orm_types
import time:      7524 |       9488 |                 sqlalchemy.orm._typing
import time:      9746 |      19233 |               sqlalchemy.orm.base
import time:      2069 |       2069 |               sqlalchemy.orm.mapped_collection
import time:      4970 |      26271 |             sqlalchemy.orm.collections
import time:      3124 |       3124 |               sqlalchemy.orm.path_registry
import time:      4954 |       8077 |             sqlalchemy.orm.interfaces
import time:      6815 |      41163 |           sqlalchemy.orm.attributes
import time:      4434 |      45597 |         sqlalchemy.orm.util
import time:      2199 |      47795 |       sqlalchemy.orm.exc
import time:      6655 |       6655 |           sqlalchemy.orm.state
import time:      3921 |      10575 |         sqlalchemy.orm.instrumentation
import time:      1789 |       1789 |               sqlalchemy.future.engine
import time:      1641 |       3429 |             sqlalchemy.future
import time:      5210 |       8639 |           sqlalchemy.orm.context
import time:     15881 |      15881 |               sqlalchemy.orm.strategy_options
import time:      8586 |       8586 |               sqlalchemy.orm.descriptor_props
import time:     12118 |      12118 |               sqlalchemy.orm.relationships
import time:      4509 |      41093 |             sqlalchemy.orm.properties
import time:     33122 |      33122 |             sqlalchemy.orm.query
import time:      2886 |       2886 |             sqlalchemy.orm.unitofwork
import time:      4792 |       4792 |                 sqlalchemy.orm.evaluator
import time:      1985 |       1985 |                   sqlalchemy.orm.sync
import time:      3067 |       5051 |                 sqlalchemy.orm.persistence
import time:      8933 |      18775 |               sqlalchemy.orm.bulk_persistence
import time:      2664 |       2664 |               sqlalchemy.orm.identity
import time:      2376 |       2376 |               sqlalchemy.orm.state_changes
import time:     22496 |      46310 |             sqlalchemy.orm.session
import time:      6112 |     129520 |           sqlalchemy.orm.strategies
import time:      3383 |     141541 |         sqlalchemy.orm.loading
import time:      7811 |     159926 |       sqlalchemy.orm.mapper
import time:     17790 |      17790 |       sqlalchemy.orm._orm_constructors
import time:      3012 |       3012 |         sqlalchemy.orm.clsregistry
import time:      7601 |       7601 |         sqlalchemy.orm.decl_base
import time:     11766 |      22378 |       sqlalchemy.orm.decl_api
import time:      6946 |       6946 |         sqlalchemy.orm.writeonly
import time:      3061 |      10006 |       sqlalchemy.orm.dynamic
import time:      4376 |       4376 |         sqlalchemy.orm.scoping
import time:     17366 |      21742 |       sqlalchemy.orm.events
import time:      3633 |       3633 |       sqlalchemy.orm.dependency
import time:      2880 |     286148 |     sqlalchemy.orm
import time:      9914 |       9914 |           dotenv.parser
import time:      2767 |       2767 |           dotenv.variables
import time:      2789 |      15469 |         dotenv.main
import time:      2699 |      18168 |       dotenv
import time:     15512 |      33680 |     app.config
import time:      1072 |       1072 |         sqlalchemy.dialects.postgresql.operators
import time:      2315 |       3386 |       sqlalchemy.dialects.postgresql.array
import time:      2024 |       2024 |         sqlalchemy.dialects.postgresql.json
import time:      6858 |       6858 |         sqlalchemy.dialects.postgresql.ranges
import time:      1825 |       1825 |             sqlalchemy.dialects.postgresql.types
import time:     18980 |      20805 |           sqlalchemy.dialects.postgresql.pg_catalog
import time:      3429 |       3429 |           sqlalchemy.dialects.postgresql.ext
import time:      3162 |       3162 |           sqlalchemy.dialects.postgresql.hstore
import time:      2095 |       2095 |           sqlalchemy.dialects.postgresql.named_types
import time:     12064 |      41553 |         sqlalchemy.dialects.postgresql.base
import time:      1868 |       1868 |           sqlalchemy.connectors
import time:      4073 |       5941 |         sqlalchemy.connectors.asyncio
import time:      6184 |      62557 |       sqlalchemy.dialects.postgresql.asyncpg
import time:      5189 |       5189 |       sqlalchemy.dialects.postgresql.pg8000
import time:      2278 |       2278 |         sqlalchemy.dialects.postgresql._psycopg_common
import time:      3877 |       6155 |       sqlalchemy.dialects.postgresql.psycopg
import time:      3025 |       3025 |       sqlalchemy.dialects.postgresql.psycopg2
import time:      1718 |       1718 |       sqlalchemy.dialects.postgresql.psycopg2cffi
import time:      1438 |       1438 |         sqlalchemy.dialects._typing
import time:      3899 |       5337 |       sqlalchemy.dialects.postgresql.dml
import time:      2835 |      90201 |     sqlalchemy.dialects.postgresql
import time:      1691 |       1691 |         psycopg2.errors
import time:     21567 |      23257 |       psycopg2._psycopg
import time:      1630 |       1630 |         psycopg2._json
import time:      3998 |       3998 |         psycopg2._range
import time:      2525 |       8152 |       psycopg2.extensions
import time:      3112 |      34521 |     psycopg2
import time:      1768 |       1768 |       psycopg2._ipaddress
import time:      6046 |       7814 |     psycopg2.extras
import time:      8891 |    1423928 |   app.database
import time:      1025 |       1025 |   app.routers
import time:     63915 |      63915 |     app.models
import time:    116722 |     116722 |     app.schemas
import time:      2377 |       2377 |         jose.exceptions
import time:      2552 |       4929 |       jose
import time:      6477 |       6477 |         calendar
import time:      1353 |       1353 |                         cryptography
import time:       117 |       1469 |                       cryptography.utils
import time:      4472 |       4472 |                           six
import time:       945 |        945 |                                 gmpy2
import time:      1143 |       1143 |                                 gmpy
import time:       166 |        166 |                                   six.moves
import time:      1301 |       1301 |                                   gmpy2
import time:      1198 |       1198 |                                   gmpy
import time:       973 |        973 |                                       ecdsa._compat
import time:      1138 |       2111 |                                     ecdsa.der
import time:      1584 |       3694 |                                   ecdsa.util
import time:      2102 |       8460 |                                 ecdsa.numbertheory
import time:       926 |        926 |                                 ecdsa.errors
import time:      3136 |      14608 |                               ecdsa.ellipticcurve
import time:      3029 |      17636 |                             ecdsa.ecdsa
import time:      1676 |       1676 |                               ecdsa._sha3
import time:      2576 |       4251 |                             ecdsa.eddsa
import time:      1907 |       1907 |                             ecdsa.ssh
import time:      1751 |       1751 |                             ecdsa.rfc6979
import time:      3996 |       3996 |                             ecdsa.curves
import time:      2733 |      32273 |                           ecdsa.keys
import time:      2177 |       2177 |                           ecdsa.ecdh
import time:      1999 |       1999 |                           ecdsa._version
import time:      3096 |      44014 |                         ecdsa
import time:        94 |      44107 |                       ecdsa.ecdsa
import time:      3792 |      49368 |                     jose.utils
import time:      1649 |      51017 |                   jose.backends.base
import time:      2050 |       2050 |                   jose.constants
import time:      2290 |      55356 |                 jose.backends.native
import time:       795 |        795 |                     cryptography
import time:        90 |        884 |                   cryptography.exceptions
import time:      1863 |       2747 |                 jose.backends.cryptography_backend
import time:     23663 |      23663 |                         rsa.common
import time:      2820 |       2820 |                           rsa.transform
import time:      2565 |       5384 |                         rsa.randnum
import time:      3546 |      32593 |                       rsa.prime
import time:      7701 |       7701 |                       rsa.pem
import time:      1776 |       1776 |                       rsa.core
import time:      3691 |      45760 |                     rsa.key
import time:      1455 |       1455 |                     rsa.pkcs1
import time:      2760 |      49974 |                   rsa
import time:      1790 |       1790 |                     pyasn1
import time:      1513 |       3303 |                   pyasn1.error
import time:      1019 |       1019 |                       pyasn1.codec
import time:      1354 |       2373 |                     pyasn1.codec.der
import time:      1714 |       1714 |                       pyasn1.codec.cer
import time:      1469 |       1469 |                           pyasn1.type
import time:      1762 |       1762 |                             pyasn1.codec.ber
import time:      1654 |       1654 |                                   pyasn1.type.error
import time:      2373 |       4027 |                                 pyasn1.type.constraint
import time:      1741 |       1741 |                                 pyasn1.type.tag
import time:      1436 |       1436 |                                 pyasn1.type.tagmap
import time:      2857 |      10059 |                               pyasn1.type.base
import time:      2182 |      12241 |                             pyasn1.codec.ber.eoo
import time:      1431 |       1431 |                             pyasn1.compat
import time:      3232 |       3232 |                             pyasn1.compat.integer
import time:      6320 |       6320 |                             pyasn1.type.namedtype
import time:      1800 |       1800 |                             pyasn1.type.namedval
import time:      5704 |      32487 |                           pyasn1.type.univ
import time:      1554 |      35508 |                         pyasn1.codec.streaming
import time:      2145 |       2145 |                           pyasn1.debug
import time:      3706 |       3706 |                           pyasn1.type.char
import time:      2867 |       2867 |                           pyasn1.type.useful
import time:      8144 |      16861 |                         pyasn1.codec.ber.decoder
import time:      2314 |      54682 |                       pyasn1.codec.cer.decoder
import time:      2736 |      59132 |                     pyasn1.codec.der.decoder
import time:      1714 |       1714 |                         pyasn1.codec.ber.encoder
import time:      1532 |       3246 |                       pyasn1.codec.cer.encoder
import time:      1408 |       4654 |                     pyasn1.codec.der.encoder
import time:      1765 |      67922 |                   jose.backends._asn1
import time:      2809 |     124006 |                 jose.backends.rsa_backend
import time:       982 |        982 |                     cryptography
import time:        90 |       1071 |                   cryptography.exceptions
import time:      1667 |       2738 |                 jose.backends.cryptography_backend
import time:      1804 |       1804 |                 jose.backends.ecdsa_backend
import time:      1126 |       1126 |                     cryptography
import time:       106 |       1232 |                   cryptography.exceptions
import time:      2101 |       3332 |                 jose.backends.cryptography_backend
import time:      1657 |       1657 |                     cryptography
import time:       130 |       1787 |                   cryptography.exceptions
import time:      2163 |       3950 |                 jose.backends.cryptography_backend
import time:      2133 |     196063 |               jose.backends
import time:        97 |     196159 |             jose.backends.base
import time:      1582 |     197740 |           jose.jwk
import time:      1847 |     199586 |         jose.jws
import time:      1585 |     207648 |       jose.jwt
import time:      2473 |       2473 |         passlib
import time:      1749 |       1749 |         passlib.exc
import time:      2470 |       2470 |                 passlib.utils.compat
import time:      1771 |       1771 |                   unicodedata
import time:      2288 |       4059 |                 stringprep
import time:       231 |        231 |                   gc
import time:      8901 |       9132 |                 timeit
import time:      1876 |       1876 |                   passlib.utils.decor
import time:      2648 |       4523 |                 passlib.utils.binary
import time:      1160 |       1160 |                 crypt
import time:      2358 |      23699 |               passlib.utils
import time:        72 |      23770 |             passlib.utils.decor
import time:      1310 |      25080 |           passlib.ifc
import time:      1646 |      26725 |         passlib.registry
import time:      5507 |       5507 |         passlib.utils.handlers
import time:      6598 |       6598 |         configparser
import time:      3244 |      46295 |       passlib.context
import time:      1659 |       1659 |         passlib.handlers
import time:      1117 |       1117 |           passlib.crypto
import time:      1041 |       1041 |           fastpbkdf2
import time:      2047 |       4204 |         passlib.crypto.digest
import time:      5308 |      11170 |       passlib.handlers.bcrypt
import time:      2131 |     272171 |     app.security
import time:      1761 |       1761 |     app.deps
import time:       964 |        964 |       app.services
import time:     12302 |      12302 |         email.generator
import time:     35741 |      48042 |       smtplib
import time:      1892 |       1892 |         email.mime
import time:     86021 |      86021 |               email._header_value_parser
import time:     16077 |     102098 |             email.headerregistry
import time:     10534 |      10534 |             email.contentmanager
import time:      6517 |     119147 |           email.policy
import time:      2690 |     121837 |         email.mime.base
import time:      3520 |     127248 |       email.mime.multipart
import time:      1978 |       1978 |         email.mime.nonmultipart
import time:      3261 |       5239 |       email.mime.text
import time:      2033 |     183524 |     app.services.email_service
import time:      2238 |       2238 |             pydantic.v1.typing
import time:      5807 |       8045 |           pydantic.v1.errors
import time:      1270 |       1270 |               cython
import time:      1514 |       2784 |             pydantic.v1.version
import time:      3358 |       6141 |           pydantic.v1.utils
import time:      2079 |      16263 |         pydantic.v1.class_validators
import time:      4534 |       4534 |         pydantic.v1.config
import time:      2637 |       2637 |             pydantic.v1.color
import time:     10303 |      10303 |                 pydantic.v1.datetime_parse
import time:      2292 |      12595 |               pydantic.v1.validators
import time:      3602 |      16196 |             pydantic.v1.networks
import time:     13432 |      13432 |             pydantic.v1.types
import time:      1820 |      34084 |           pydantic.v1.json
import time:      2021 |      36104 |         pydantic.v1.error_wrappers
import time:      2263 |       2263 |         pydantic.v1.fields
import time:      1871 |       1871 |           pydantic.v1.parse
import time:      2421 |       2421 |           pydantic.v1.schema
import time:      2647 |       6938 |         pydantic.v1.main
import time:      2508 |      68609 |       pydantic.v1.dataclasses
import time:      1595 |       1595 |       pydantic.v1.annotated_types
import time:      1628 |       1628 |       pydantic.v1.decorator
import time:      2919 |       2919 |       pydantic.v1.env_settings
import time:      3599 |       3599 |       pydantic.v1.tools
import time:      2395 |      80742 |     pydantic.v1
import time:     13644 |     732476 |   app.routers.auth
import time:      1015 |       1015 |           app.data
import time:      2128 |       3143 |         app.data.skill_taxonomy
import time:      2385 |       2385 |             numpy.version
import time:      1499 |       1499 |             numpy._expired_attrs_2_0
import time:      2153 |       2153 |                 numpy._utils._convertions
import time:      1826 |       3979 |               numpy._utils
import time:      2268 |       6247 |             numpy._globals
import time:       335 |        335 |               numpy._distributor_init_local
import time:      1739 |       2074 |             numpy._distributor_init
import time:      2092 |       2092 |                       numpy.exceptions
import time:      2616 |       2616 |                       numpy._core._exceptions
import time:      1455 |       1455 |                       numpy._core.printoptions
import time:      1737 |       1737 |                       numpy.dtypes
import time:     12293 |      20191 |                     numpy._core._multiarray_umath
import time:      1172 |       1172 |                       numpy._utils._inspect
import time:      1561 |       2732 |                     numpy._core.overrides
import time:      9501 |      32424 |                   numpy._core.multiarray
import time:      1477 |       1477 |                   numpy._core.umath
import time:      1515 |       1515 |                     numpy._core._dtype
import time:      1084 |       1084 |                     numpy._core._string_helpers
import time:      2108 |       2108 |                     numpy._core._type_aliases
import time:      2350 |       7056 |                   numpy._core.numerictypes
import time:      1903 |       1903 |                           numpy._core._methods
import time:      4459 |       6361 |                         numpy._core.fromnumeric
import time:      2628 |       8989 |                       numpy._core.shape_base
import time:      2569 |       2569 |                       numpy._core._ufunc_config
import time:      1552 |       1552 |                       numpy._core._asarray
import time:      5168 |       5168 |                       numpy._core.arrayprint
import time:      3038 |      21314 |                     numpy._core.numeric
import time:      1990 |      23304 |                   numpy._core.einsumfunc
import time:      3286 |       3286 |                   numpy._core.function_base
import time:      2067 |       2067 |                   numpy._core.getlimits
import time:      1856 |       1856 |                   numpy._core.memmap
import time:      2072 |       2072 |                   numpy._core.records
import time:     19305 |      19305 |                   numpy._core._add_newdocs
import time:      2873 |       2873 |                   numpy._core._add_newdocs_scalars
import time:      1141 |       1141 |                   numpy._core._dtype_ctypes
import time:      2501 |       2501 |                       _ctypes
import time:      2280 |       2280 |                       ctypes._endian
import time:      4333 |       9114 |                     ctypes
import time:      2638 |      11752 |                   numpy._core._internal
import time:      1810 |       1810 |                   numpy._pytesttester
import time:      3838 |     114256 |                 numpy._core
import time:       131 |     114386 |               numpy._core._multiarray_umath
import time:      2135 |     116521 |             numpy.__config__
import time:      2125 |       2125 |                               numpy._typing._nbit_base
import time:      1916 |       1916 |                               numpy._typing._nested_sequence
import time:      5247 |       5247 |                               numpy._typing._shape
import time:      7918 |      17204 |                             numpy._typing._array_like
import time:      5246 |       5246 |                             numpy._typing._char_codes
import time:      5515 |       5515 |                             numpy._typing._dtype_like
import time:      1766 |       1766 |                             numpy._typing._nbit
import time:      1075 |       1075 |                             numpy._typing._scalars
import time:       890 |        890 |                             numpy._typing._ufunc
import time:      2296 |      33989 |                           numpy._typing
import time:      1168 |       1168 |                             numpy.lib._stride_tricks_impl
import time:      1354 |       2521 |                           numpy.lib._twodim_base_impl
import time:      1678 |       1678 |                             numpy.lib._array_utils_impl
import time:      2274 |       3952 |                           numpy.lib.array_utils
import time:      1973 |       1973 |                           numpy.linalg._umath_linalg
import time:      7995 |      50429 |                         numpy.linalg._linalg
import time:      2508 |      52937 |                       numpy.linalg
import time:      3347 |      56283 |                     numpy.matrixlib.defmatrix
import time:      1928 |      58211 |                   numpy.matrixlib
import time:      1502 |       1502 |                     numpy.lib._histograms_impl
import time:      3287 |       4789 |                   numpy.lib._function_base_impl
import time:      2413 |      65412 |                 numpy.lib._index_tricks_impl
import time:      2939 |      68351 |               numpy.lib._arraypad_impl
import time:      2689 |       2689 |               numpy.lib._arraysetops_impl
import time:      1253 |       1253 |               numpy.lib._arrayterator_impl
import time:      2087 |       2087 |               numpy.lib._nanfunctions_impl
import time:      1799 |       1799 |                     numpy.lib._utils_impl
import time:      1785 |       3584 |                   numpy.lib._format_impl
import time:      1187 |       4771 |                 numpy.lib.format
import time:      1766 |       1766 |                 numpy.lib._datasource
import time:      2081 |       2081 |                 numpy.lib._iotools
import time:      2245 |      10861 |               numpy.lib._npyio_impl
import time:      1771 |       1771 |                   numpy.lib._ufunclike_impl
import time:      2077 |       3847 |                 numpy.lib._type_check_impl
import time:      2737 |       6584 |               numpy.lib._polynomial_impl
import time:      3048 |       3048 |               numpy.lib._shape_base_impl
import time:      3042 |       3042 |               numpy.lib._version
import time:      1451 |       1451 |               numpy.lib.introspect
import time:      1925 |       1925 |               numpy.lib.mixins
import time:      1532 |       1532 |               numpy.lib.npyio
import time:      1986 |       1986 |                 numpy.lib._scimath_impl
import time:      1348 |       3334 |               numpy.lib.scimath
import time:      1338 |       1338 |               numpy.lib.stride_tricks
import time:      2752 |     110242 |             numpy.lib
import time:      1538 |       1538 |             numpy._array_api_info
import time:      6199 |     246701 |           numpy
import time:      1557 |     248258 |         app.services.embedding_service
import time:      1132 |     252532 |       app.services.competency_engine
import time:      1206 |     253738 |     app.services.cv_generator
import time:      1836 |       1836 |             docx.opc
import time:      1948 |       3784 |           docx.opc.constants
import time:      1342 |       1342 |                   docx.image.constants
import time:      1499 |       1499 |                     docx.image.exceptions
import time:      1195 |       2694 |                   docx.image.helpers
import time:      2513 |       2513 |                     docx.shared
import time:      1949 |       4462 |                   docx.image.image
import time:      1827 |      10323 |                 docx.image.bmp
import time:      2820 |       2820 |                 docx.image.gif
import time:      1898 |       1898 |                   docx.image.tiff
import time:      2110 |       4008 |                 docx.image.jpeg
import time:      1474 |       1474 |                 docx.image.png
import time:      1209 |      19832 |               docx.image
import time:        81 |      19913 |             docx.image.image
import time:      2124 |       2124 |               docx.opc.packuri
import time:      1693 |       1693 |                   lxml
import time:      2471 |       2471 |                     lxml._elementpath
import time:      2818 |       2818 |                     gzip
import time:      1382 |       1382 |                     rnc2rng
import time:     12567 |      19238 |                   lxml.etree
import time:      1638 |      22568 |                 docx.opc.oxml
import time:      2068 |       2068 |                 docx.opc.rel
import time:      1654 |       1654 |                 docx.opc.shared
import time:      1622 |       1622 |                         docx.oxml.exceptions
import time:      1687 |       1687 |                         docx.oxml.ns
import time:      3821 |       7128 |                       docx.oxml.xmlchemy
import time:      2054 |       9182 |                     docx.oxml.drawing
import time:      1611 |       1611 |                     docx.oxml.parser
import time:      1515 |       1515 |                         docx.exceptions
import time:      4218 |       5732 |                       docx.oxml.simpletypes
import time:      2488 |       8220 |                     docx.oxml.shape
import time:      1341 |       1341 |                     docx.oxml.shared
import time:      1183 |       1183 |                       docx.oxml.text
import time:      1205 |       1205 |                             docx.enum
import time:      2289 |       2289 |                             docx.enum.base
import time:      3350 |       6843 |                           docx.enum.dml
import time:      7083 |       7083 |                           docx.enum.text
import time:     13033 |      26958 |                         docx.oxml.text.font
import time:      2088 |      29046 |                       docx.oxml.text.run
import time:      1620 |      31847 |                     docx.oxml.text.hyperlink
import time:      1912 |       1912 |                     docx.oxml.text.pagebreak
import time:      2372 |       2372 |                     docx.oxml.comments
import time:      3651 |       3651 |                     docx.oxml.coreprops
import time:      2656 |       2656 |                         docx.enum.section
import time:      2961 |       2961 |                           docx.enum.table
import time:      2071 |       2071 |                           docx.oxml.text.paragraph
import time:      5873 |      10905 |                         docx.oxml.table
import time:      3387 |      16947 |                       docx.oxml.section
import time:      2092 |      19038 |                     docx.oxml.document
import time:      2607 |       2607 |                     docx.oxml.numbering
import time:      2658 |       2658 |                     docx.oxml.settings
import time:      9323 |       9323 |                       docx.enum.style
import time:      3320 |      12643 |                     docx.oxml.styles
import time:      3374 |       3374 |                     docx.oxml.text.parfmt
import time:      2927 |     103378 |                   docx.oxml
import time:       158 |     103536 |                 docx.oxml.parser
import time:      1652 |     131476 |               docx.opc.part
import time:      1785 |       1785 |                 docx.opc.parts
import time:      1662 |       1662 |                 docx.opc.coreprops
import time:      2121 |       5566 |               docx.opc.parts.coreprops
import time:      1344 |       1344 |                   docx.opc.exceptions
import time:      1697 |       3040 |                 docx.opc.phys_pkg
import time:      1945 |       4984 |               docx.opc.pkgreader
import time:      1335 |       1335 |                 docx.opc.spec
import time:      1712 |       3047 |               docx.opc.pkgwriter
import time:      3198 |     150393 |             docx.opc.package
import time:      2140 |       2140 |               docx.parts
import time:      3799 |       5939 |             docx.parts.image
import time:      1319 |     177562 |           docx.package
import time:      2251 |     183597 |         docx.api
import time:      1561 |       1561 |                 docx.text
import time:      1831 |       1831 |                   docx.styles
import time:     11113 |      11113 |                       docx.dml
import time:     18341 |      29454 |                     docx.dml.color
import time:      2872 |      32325 |                   docx.text.font
import time:      2755 |       2755 |                     docx.text.tabstops
import time:     11271 |      14025 |                   docx.text.parfmt
import time:      3719 |      51900 |                 docx.styles.style
import time:      2122 |       2122 |                     docx.drawing
import time:      1914 |       1914 |                       docx.enum.shape
import time:      1692 |       3606 |                     docx.shape
import time:      1547 |       1547 |                     docx.text.pagebreak
import time:      3049 |      10322 |                   docx.text.run
import time:      5508 |      15830 |                 docx.text.hyperlink
import time:      2462 |      71751 |               docx.text.paragraph
import time:      2281 |      74032 |             docx.blkcntnr
import time:      1764 |      75795 |           docx.comments
import time:      8782 |       8782 |           docx.parts.story
import time:      8736 |      93312 |         docx.parts.comments
import time:      6060 |       6060 |               docx.parts.hdrftr
import time:      3115 |       3115 |               docx.table
import time:      4176 |      13350 |             docx.section
import time:     10759 |      24109 |           docx.document
import time:      2106 |       2106 |           docx.parts.numbering
import time:      1512 |       1512 |             docx.settings
import time:      1597 |       3108 |           docx.parts.settings
import time:     19245 |      19245 |               docx.styles.latent
import time:      1724 |      20969 |             docx.styles.styles
import time:      1632 |      22600 |           docx.parts.styles
import time:     18636 |      70557 |         docx.parts.document
import time:      3009 |     350474 |       docx
import time:      1587 |       1587 |       app.services.nlp_service
import time:     12048 |      12048 |       app.data.regional_terms
import time:      6439 |     370548 |     app.services.resume_parser
import time:      3038 |       3038 |     app.services.ats_compliance
import time:      1949 |       1949 |         httpx.__version__
import time:      1725 |       1725 |                   urllib.response
import time:      1886 |       3610 |                 urllib.error
import time:      7447 |      11057 |               urllib.request
import time:      3398 |       3398 |               httpx._exceptions
import time:     11998 |      11998 |                 http.cookiejar
import time:      5286 |       5286 |                     httpx._types
import time:      1835 |       1835 |                     httpx._utils
import time:      2896 |      10015 |                   httpx._multipart
import time:      2172 |      12187 |                 httpx._content
import time:      1210 |       1210 |                   brotli
import time:      1126 |       1126 |                   brotlicffi
import time:      2326 |       2326 |                   zstandard
import time:      3144 |       7806 |                 httpx._decoders
import time:      6082 |       6082 |                 httpx._status_codes
import time:      1803 |       1803 |                       idna.idnadata
import time:      1464 |       1464 |                       idna.intranges
import time:      3744 |       7010 |                     idna.core
import time:      1474 |       1474 |                     idna.package_data
import time:      2981 |      11465 |                   idna
import time:      6576 |       6576 |                   httpx._urlparse
import time:      2727 |      20767 |                 httpx._urls
import time:      3568 |      62405 |               httpx._models
import time:      3398 |      80258 |             httpx._auth
import time:      1752 |       1752 |             httpx._config
import time:      1309 |       1309 |                   httpx._transports.base
import time:      3675 |       4984 |                 httpx._transports.asgi
import time:      2105 |       2105 |                 httpx._transports.default
import time:      1365 |       1365 |                 httpx._transports.mock
import time:      1168 |       1168 |                 httpx._transports.wsgi
import time:      1302 |      10924 |               httpx._transports
import time:        82 |      11006 |             httpx._transports.base
import time:      3574 |      96587 |           httpx._client
import time:      1551 |      98138 |         httpx._api
import time:      2453 |       2453 |               gettext
import time:      2665 |       2665 |                       ctypes._layout
import time:      4040 |       6704 |                     ctypes.wintypes
import time:      2855 |       9559 |                   click._winconsole
import time:      2637 |      12195 |                 click._compat
import time:      2742 |       2742 |                   click.globals
import time:      2124 |       2124 |                   click.utils
import time:      3030 |       7894 |                 click.exceptions
import time:      7381 |      27470 |               click.types
import time:      2074 |       2074 |               click._utils
import time:      2577 |       2577 |                 click.parser
import time:      1642 |       4219 |               click.formatting
import time:      2049 |       2049 |               click.termui
import time:      7311 |      45572 |             click.core
import time:      1537 |       1537 |             click.decorators
import time:      2595 |      49704 |           click
import time:      1763 |       1763 |             pygments
import time:      6828 |       6828 |             pygments.lexers._mapping
import time:      2429 |       2429 |             pygments.modeline
import time:      1617 |       1617 |             pygments.plugin
import time:      3087 |       3087 |             pygments.util
import time:      4200 |      19922 |           pygments.lexers
import time:      2119 |       2119 |               rich._extension
import time:      2771 |       4890 |             rich
import time:      2806 |       2806 |             rich._null_file
import time:      1865 |       1865 |             rich.errors
import time:      2440 |       2440 |                         rich.color_triplet
import time:      2347 |       4786 |                       rich.palette
import time:      1661 |       6447 |                     rich._palettes
import time:      2060 |       2060 |                     rich.repr
import time:      1950 |       1950 |                     rich.terminal_theme
import time:      5589 |      16045 |                   rich.color
import time:      2641 |      18685 |                 rich.style
import time:      3916 |      22601 |               rich.default_styles
import time:      1995 |       1995 |               rich.theme
import time:      1544 |      26140 |             rich.themes
import time:      2720 |       2720 |             rich._emoji_replace
import time:      3857 |       3857 |             rich._export_format
import time:      1411 |       1411 |             rich._fileno
import time:      1386 |       1386 |                 rich._loop
import time:      1307 |       1307 |                 rich._pick
import time:      2070 |       2070 |                       rich._unicode_data._versions
import time:      1817 |       3886 |                     rich._unicode_data
import time:      3104 |       6989 |                   rich.cells
import time:     20716 |      27705 |                 rich._wrap
import time:     12241 |      12241 |                       rich.segment
import time:      1826 |      14067 |                     rich.jupyter
import time:      3922 |       3922 |                       rich.protocol
import time:      8636 |      12557 |                     rich.measure
import time:      3486 |      30110 |                   rich.constrain
import time:      2253 |      32362 |                 rich.align
import time:      1858 |       1858 |                 rich.containers
import time:      1745 |       1745 |                 rich.control
import time:      1639 |       1639 |                 rich.emoji
import time:      3392 |      71390 |               rich.text
import time:      1343 |      72733 |             rich._log_render
import time:      2016 |       2016 |             rich.highlighter
import time:      3343 |       3343 |             rich.markup
import time:      2456 |       2456 |             rich.pager
import time:      2056 |       2056 |             rich.region
import time:      1554 |       1554 |             rich.screen
import time:      1578 |       1578 |             rich.styled
import time:      9465 |     138883 |           rich.console
import time:       320 |        320 |             mmap
import time:      9108 |       9108 |             rich.filesize
import time:      4219 |       4219 |                 rich.ansi
import time:      1992 |       6210 |               rich.file_proxy
import time:      1778 |       1778 |               rich.live_render
import time:      2347 |      10334 |             rich.live
import time:      1705 |       1705 |             rich.progress_bar
import time:      1771 |       1771 |               rich._spinners
import time:      2310 |       2310 |                 rich.box
import time:      1891 |       1891 |                 rich._ratio
import time:      1693 |       1693 |                 rich.padding
import time:      5361 |      11253 |               rich.table
import time:      1578 |      14601 |             rich.spinner
import time:      6923 |      42989 |           rich.progress
import time:      1558 |       1558 |               pygments.filter
import time:      1881 |       1881 |                 pygments.token
import time:      2722 |       4603 |               pygments.filters
import time:      1226 |       1226 |               pygments.regexopt
import time:      3151 |      10536 |             pygments.lexer
import time:      1433 |       1433 |             pygments.style
import time:      1475 |       1475 |               pygments.styles._mapping
import time:      1252 |       2726 |             pygments.styles
import time:      3634 |      18327 |           rich.syntax
import time:      3188 |     273011 |         httpx._main
import time:      2947 |     376043 |       httpx
import time:      1395 |     377438 |     app.services.github_service
import time:       949 |        949 |     app.services.notification_service
import time:      1049 |       1049 |       app.data.certification_registry
import time:       956 |       2005 |     app.services.community_service
import time:     54316 |    1062029 |   app.routers.candidates
import time:      1185 |       1185 |     app.services.dossier_service
import time:      1054 |       1054 |     app.services.audit_service
import time:       163 |        163 |         _statistics
import time:     38072 |      38235 |       statistics
import time:      1207 |       1207 |       app.services.bias_audit_engine
import time:      1178 |      40619 |     app.services.feedback_service
import time:      1299 |       1299 |     app.services.talent_pool_service
import time:     64754 |     108909 |   app.routers.recruiters
import time:       873 |        873 |     app.services.admin_registry_service
import time:     26150 |      27022 |   app.routers.admin
import time:      1325 |       1325 |     app.services.chat_service
import time:      1081 |       1081 |     app.services.connection_manager
import time:     29982 |      32387 |   app.routers.messages
import time:      1829 |       1829 |   app.routers.ws
import time:       848 |        848 |     app.services.ai_service
import time:     18447 |      19295 |   app.routers.interview
import time:    609808 |    5971237 | main
