import time: self [us] | cumulative | imported package
import time:       459 |        459 | winreg
import time:       854 |        854 |   _io
import time:       164 |        164 |   marshal
import time:       796 |        796 |   nt
import time:      2382 |       4195 | _frozen_importlib_external
import time:      2807 |       2807 |   time
import time:       898 |       3705 | zipimport
import time:       106 |        106 |     _codecs
import time:      1296 |       1402 |   codecs
import time:      2588 |       2588 |   encodings.aliases
import time:      1229 |       1229 |   encodings._win_cp_codecs
import time:      6101 |      11319 | encodings
import time:      1342 |       1342 | encodings.utf_8
import time:      1602 |       1602 | encodings.cp1252
import time:       192 |        192 | _signal
import time:       113 |        113 |       _abc
import time:       537 |        650 |     abc
import time:       192 |        192 |       _stat
import time:       575 |        767 |     stat
import time:      3041 |       3041 |     _collections_abc
import time:       354 |        354 |       genericpath
import time:       373 |        373 |       _winapi
import time:       853 |       1579 |     ntpath
import time:      1749 |       7784 |   os
import time:       320 |        320 |   _sitebuiltins
import time:       219 |        219 |   errno
import time:     79381 |      79381 |   encodings.utf_8_sig
import time:    130495 |     130495 |   _distutils_hack
import time:      1009 |       1009 |   sitecustomize
import time:      6600 |     225804 | site
import time:      1790 |       1790 | linecache
import time:      1980 |       1980 |     starlette
import time:     29930 |      29930 |       __future__
import time:       152 |        152 |           _contextvars
import time:    117411 |     117563 |         _py_warnings
import time:     45424 |     162986 |       warnings
import time:     72870 |     265785 |     starlette.status
import time:       332 |        332 |           itertools
import time:      1313 |       1313 |           keyword
import time:       182 |        182 |             _operator
import time:      1535 |       1717 |           operator
import time:      1680 |       1680 |           reprlib
import time:       258 |        258 |           _collections
import time:      2997 |       8295 |         collections
import time:        84 |       8379 |       collections.abc
import time:       165 |        165 |           _types
import time:      2144 |       2308 |         types
import time:      4133 |       6440 |       enum
import time:     23086 |      23086 |         copyreg
import time:       190 |        190 |           _functools
import time:      2785 |       2975 |         functools
import time:        89 |         89 |         _typing
import time:     41904 |      68053 |       typing
import time:     62114 |      62114 |         annotated_doc.main
import time:      2192 |      64305 |       annotated_doc
import time:     58557 |      58557 |         contextlib
import time:     55483 |      55483 |           email
import time:       218 |        218 |           binascii
import time:       180 |        180 |               _sre
import time:      1476 |       1476 |                 re._constants
import time:      1611 |       3086 |               re._parser
import time:      1023 |       1023 |               re._casefix
import time:      1834 |       6121 |             re._compiler
import time:      2649 |       8769 |           re
import time:    136754 |     136754 |           quopri
import time:       494 |        494 |           io
import time:       231 |        231 |               _datetime
import time:      1851 |       2081 |             datetime
import time:      2255 |       2255 |               urllib
import time:       359 |        359 |               math
import time:     48763 |      48763 |               ipaddress
import time:     59220 |     110595 |             urllib.parse
import time:     96659 |      96659 |             email._parseaddr
import time:     45088 |     254422 |           email.utils
import time:    121891 |     121891 |           email.errors
import time:       195 |        195 |                   _string
import time:    265411 |     265606 |                 string
import time:    105300 |     370905 |               email.quoprimime
import time:       305 |        305 |                     _struct
import time:      1596 |       1900 |                   struct
import time:     67259 |      69158 |                 base64
import time:     62374 |     131531 |               email.base64mime
import time:     55487 |      55487 |                 email.encoders
import time:     53922 |     109408 |               email.charset
import time:     57264 |     669107 |             email.header
import time:     78173 |     747280 |           email._policybase
import time:     42705 |      42705 |           email._encoded_words
import time:     54939 |      54939 |           email.iterators
import time:     87377 |    1510328 |         email.message
import time:       194 |        194 |               _ast
import time:     66919 |      67113 |             ast
import time:     44875 |     111987 |           annotationlib
import time:       222 |        222 |               _opcode
import time:     33486 |      33486 |               _opcode_metadata
import time:     55549 |      89256 |             opcode
import time:     56076 |     145331 |           dis
import time:     44114 |      44114 |             importlib
import time:       312 |      44426 |           importlib.machinery
import time:     51301 |      51301 |             token
import time:       204 |        204 |             _tokenize
import time:     45158 |      96662 |           tokenize
import time:     68376 |      68376 |             _weakrefset
import time:     67156 |     135532 |           weakref
import time:    130341 |     664275 |         inspect
import time:       145 |        145 |               _json
import time:      1492 |       1636 |             json.scanner
import time:      2045 |       3681 |           json.decoder
import time:      1620 |       1620 |           json.encoder
import time:      1741 |       7040 |         json
import time:      1833 |       1833 |             anyio._core
import time:     79803 |      81635 |           anyio._core._contextmanagers
import time:    171523 |     171523 |             threading
import time:     56425 |      56425 |             contextvars
import time:     57736 |      57736 |               textwrap
import time:     56020 |     113756 |             anyio._core._exceptions
import time:       865 |        865 |             sniffio
import time:     59872 |     402438 |           anyio._core._eventloop
import time:       856 |        856 |                 posix
import time:       817 |        817 |                 posix
import time:       385 |       2057 |               posixpath
import time:     63789 |      63789 |                 fnmatch
import time:     68193 |     131982 |               glob
import time:       833 |        833 |               pwd
import time:       713 |        713 |               grp
import time:      1510 |       1510 |                 fcntl
import time:      1260 |       1260 |                 posix
import time:     53865 |      56634 |               pathlib._os
import time:     58735 |     250951 |             pathlib
import time:     73670 |      73670 |               copy
import time:     29638 |     103308 |             dataclasses
import time:     45201 |      45201 |                   signal
import time:     84534 |      84534 |                     _socket
import time:    109464 |     193998 |                   socket
import time:     45158 |     284356 |                 anyio.abc._eventloop
import time:     60268 |      60268 |                 anyio.abc._resources
import time:    153682 |     153682 |                   anyio._core._typedattr
import time:     58563 |      58563 |                     anyio.abc._tasks
import time:     79722 |     138284 |                   anyio.abc._streams
import time:     22628 |     314594 |                 anyio.abc._sockets
import time:     40917 |      40917 |                 anyio.abc._subprocesses
import time:     67729 |      67729 |                 anyio.abc._testing
import time:     41380 |      41380 |                   anyio.lowlevel
import time:     24174 |      24174 |                   anyio._core._tasks
import time:     49279 |      49279 |                   anyio._core._testing
import time:     99082 |     213913 |                 anyio._core._synchronization
import time:     93911 |      93911 |                     concurrent
import time:     55503 |      55503 |                           codeop
import time:     83988 |      83988 |                           _colorize
import time:     67908 |     207399 |                         traceback
import time:       177 |        177 |                         atexit
import time:     99232 |     306807 |                       logging
import time:     72948 |     379754 |                     concurrent.futures._base
import time:       168 |        168 |                     _interpreters
import time:     54171 |     528002 |                   concurrent.futures
import time:    153964 |     681966 |                 anyio.from_thread
import time:     78071 |    1741809 |               anyio.abc
import time:     57299 |    1799108 |             anyio.to_thread
import time:    160412 |    2313777 |           anyio._core._fileio
import time:     56032 |      56032 |           anyio._core._resources
import time:    322245 |     322245 |           anyio._core._signals
import time:    344635 |     344635 |               _ssl
import time:    117848 |     462483 |             ssl
import time:      1637 |       1637 |               anyio.streams
import time:     61341 |      62977 |             anyio.streams.stapled
import time:     56983 |      56983 |             anyio.streams.tls
import time:     39589 |     622031 |           anyio._core._sockets
import time:     67408 |      67408 |             anyio.streams.memory
import time:     78116 |     145523 |           anyio._core._streams
import time:       264 |        264 |                 _locale
import time:      4310 |       4574 |               locale
import time:      1440 |       1440 |               fcntl
import time:       140 |        140 |               msvcrt
import time:     47449 |      53602 |             subprocess
import time:     30259 |      83860 |           anyio._core._subprocesses
import time:       236 |        236 |                 zlib
import time:      1564 |       1564 |                     compression
import time:      1564 |       3127 |                   compression._common
import time:     46227 |      46227 |                   compression._common._streams
import time:     97463 |      97463 |                   _bz2
import time:    106344 |     253160 |                 bz2
import time:    162545 |     162545 |                   _lzma
import time:     62749 |     225294 |                 lzma
import time:    133105 |     133105 |                   _zstd
import time:    121858 |     121858 |                   compression.zstd._zstdfile
import time:     53223 |     308184 |                 compression.zstd
import time:     46028 |     832900 |               shutil
import time:       172 |        172 |                   _bisect
import time:      2500 |       2672 |                 bisect
import time:       139 |        139 |                 _random
import time:    145837 |     148646 |               random
import time:     50669 |    1032214 |             tempfile
import time:     36501 |    1068715 |           anyio._core._tempfile
import time:     71964 |    5168218 |         anyio
import time:    195761 |     195761 |                       typing_extensions
import time:      2593 |       2593 |                       pydantic_core._pydantic_core
import time:     45225 |      45225 |                             numbers
import time:     65233 |     110458 |                           _decimal
import time:     44589 |     155047 |                         decimal
import time:    115254 |     270301 |                       pydantic_core.core_schema
import time:     64492 |     533146 |                     pydantic_core
import time:    182188 |     715333 |                   pydantic.version
import time:    119707 |     835039 |                 pydantic.warnings
import time:    101858 |     936897 |               pydantic._migration
import time:     33297 |      33297 |                   typing_inspection
import time:     42560 |      42560 |                   typing_inspection.typing_objects
import time:    194580 |     270435 |                 typing_inspection.introspection
import time:      2173 |       2173 |                 pydantic._internal
import time:     26519 |      26519 |                     pydantic._internal._namespace_utils
import time:     46363 |      72881 |                   pydantic._internal._typing_extra
import time:     28916 |     101797 |                 pydantic._internal._repr
import time:    265989 |     640393 |               pydantic.errors
import time:     60573 |    1637863 |             pydantic
import time:      2149 |       2149 |                 pydantic._internal._internal_dataclass
import time:     43344 |      45493 |               pydantic.aliases
import time:     72910 |      72910 |               pydantic.config
import time:     30459 |     148860 |             pydantic._internal._config
import time:     34027 |      34027 |               pydantic._internal._core_utils
import time:    111132 |     111132 |                 pydantic._internal._import_utils
import time:     80394 |     191525 |               pydantic._internal._utils
import time:     29064 |     254615 |             pydantic._internal._decorators
import time:     57801 |      57801 |                 pydantic._internal._forward_ref
import time:     75339 |     133139 |               pydantic._internal._generics
import time:     65450 |      65450 |               pydantic._internal._docs_extraction
import time:     71629 |     270217 |             pydantic._internal._fields
import time:     71813 |      71813 |                 pydantic.plugin
import time:    134289 |     206101 |               pydantic.plugin._schema_validator
import time:     57356 |     263457 |             pydantic._internal._mock_val_ser
import time:     73260 |      73260 |                 fractions
import time:     40295 |      40295 |                   _uuid
import time:    114953 |     155248 |                 uuid
import time:     23118 |      23118 |                     sysconfig
import time:       146 |        146 |                     _sysconfig
import time:     40450 |      63713 |                   zoneinfo._tzpath
import time:     21711 |      21711 |                   zoneinfo._common
import time:     40333 |      40333 |                   _zoneinfo
import time:    124172 |     249927 |                 zoneinfo
import time:     25389 |      25389 |                 pydantic.annotated_handlers
import time:     37239 |      37239 |                 pydantic.functional_validators
import time:     44773 |      44773 |                   pydantic._internal._core_metadata
import time:     40438 |      40438 |                   pydantic._internal._schema_generation_shared
import time:     40477 |     125687 |                 pydantic.json_schema
import time:     21962 |      21962 |                 pydantic._internal._discriminated_union
import time:     56655 |      56655 |                 pydantic._internal._known_annotated_metadata
import time:     21079 |      21079 |                 pydantic._internal._schema_gather
import time:     33324 |     799765 |               pydantic._internal._generate_schema
import time:     28276 |      28276 |               pydantic._internal._signature
import time:     46965 |     875005 |             pydantic._internal._model_construction
import time:     37142 |      37142 |               http
import time:     34680 |      71822 |             starlette.exceptions
import time:    382382 |     382382 |               annotated_types
import time:     79299 |      79299 |               pydantic._internal._validators
import time:     48734 |      48734 |               pydantic.types
import time:     51901 |     562314 |             pydantic.fields
import time:     25485 |      25485 |                     importlib._abc
import time:       514 |      25998 |                   importlib.util
import time:     33373 |      33373 |                     zipfile._path.glob
import time:     61712 |      95085 |                   zipfile._path
import time:     33939 |     155021 |                 zipfile
import time:     57048 |      57048 |                 importlib.metadata._meta
import time:     32906 |      32906 |                 importlib.metadata._collections
import time:     54177 |      54177 |                 importlib.metadata._functools
import time:      1505 |       1505 |                 importlib.metadata._itertools
import time:     21381 |      21381 |                 importlib.abc
import time:     32925 |     354960 |               importlib.metadata
import time:     27571 |     382531 |             pydantic.plugin._loader
import time:    367409 |    4834089 |           fastapi.exceptions
import time:      1934 |       1934 |             fastapi.openapi
import time:     40776 |      40776 |                 fastapi.types
import time:     90834 |      90834 |                   shlex
import time:     23081 |      23081 |                   starlette.concurrency
import time:     40320 |      40320 |                   starlette.types
import time:     55688 |     209922 |                 starlette.datastructures
import time:     37369 |     288065 |               fastapi._compat.shared
import time:      3419 |       3419 |                 fastapi.openapi.constants
import time:     50767 |      54185 |               fastapi._compat.v2
import time:     37299 |     379549 |             fastapi._compat
import time:     76392 |      76392 |             fastapi.logger
import time:       922 |        922 |             email_validator
import time:    292048 |     750843 |           fastapi.openapi.models
import time:     39110 |      39110 |           fastapi.datastructures
import time:     59462 |    5683503 |         fastapi.params
import time:      1963 |       1963 |           fastapi.dependencies
import time:     33515 |      33515 |                 fastapi.security.base
import time:     24392 |      24392 |                   http.cookies
import time:     29274 |      29274 |                   starlette._utils
import time:     43852 |      43852 |                           python_multipart.exceptions
import time:     48551 |      92403 |                         python_multipart.decoders
import time:     37132 |     129534 |                       python_multipart.multipart
import time:     60007 |     189540 |                     python_multipart
import time:     46374 |     235914 |                   starlette.formparsers
import time:     29245 |     318824 |                 starlette.requests
import time:     33515 |     385853 |               fastapi.security.api_key
import time:     59812 |      59812 |                 fastapi.security.utils
import time:     37296 |      97108 |               fastapi.security.http
import time:     33585 |      33585 |                 fastapi.param_functions
import time:     31571 |      65155 |               fastapi.security.oauth2
import time:     32718 |      32718 |               fastapi.security.open_id_connect_url
import time:     45721 |     626553 |             fastapi.security
import time:       116 |     626668 |           fastapi.security.base
import time:     88673 |     717304 |         fastapi.dependencies.models
import time:     33967 |      33967 |             starlette.background
import time:     26317 |      60283 |           fastapi.background
import time:     32620 |      32620 |           fastapi.concurrency
import time:     88601 |      88601 |           fastapi.utils
import time:     54007 |      54007 |               _hashlib
import time:       147 |        147 |               _blake2
import time:     41889 |      96042 |             hashlib
import time:     29492 |      29492 |             mimetypes
import time:       189 |        189 |                 _hmac
import time:     26006 |      26195 |               hmac
import time:     51275 |      77469 |             secrets
import time:     34805 |     237808 |           starlette.responses
import time:     25609 |      25609 |           starlette.websockets
import time:     40719 |     485637 |         fastapi.dependencies.utils
import time:     48987 |      48987 |             colorsys
import time:     30384 |      79370 |           pydantic.color
import time:      1152 |       1152 |             pydantic_extra_types
import time:        92 |       1243 |           pydantic_extra_types.color
import time:     36101 |     116713 |         fastapi.encoders
import time:     52852 |      52852 |         fastapi.sse
import time:     61498 |      61498 |           starlette._exception_handler
import time:    105192 |     105192 |           starlette.convertors
import time:    112546 |     112546 |           starlette.middleware
import time:     67493 |     346728 |         starlette.routing
import time:     87837 |   14898986 |       fastapi.routing
import time:      3252 |       3252 |         fastapi.websockets
import time:     50350 |      53602 |       fastapi.exception_handlers
import time:      2049 |       2049 |         fastapi.middleware
import time:     98450 |     100498 |       fastapi.middleware.asyncexitstack
import time:     93899 |      93899 |       fastapi.openapi.docs
import time:     61961 |      61961 |             email.feedparser
import time:     38986 |     100946 |           email.parser
import time:     76400 |     177345 |         http.client
import time:     52829 |      52829 |         fastapi.responses
import time:     48654 |     278827 |       fastapi.openapi.utils
import time:     37151 |      37151 |             html.entities
import time:     46521 |      83672 |           html
import time:     19329 |     103000 |         starlette.middleware.errors
import time:     35155 |      35155 |         starlette.middleware.exceptions
import time:     27468 |     165622 |       starlette.applications
import time:    127059 |     127059 |       starlette.middleware.base
import time:    180830 |   16046495 |     fastapi.applications
import time:      1351 |       1351 |     fastapi.requests
import time:     47606 |   16363216 |   fastapi
import time:     31170 |      31170 |     starlette.middleware.cors
import time:    138545 |     169714 |   fastapi.middleware.cors
import time:     43284 |      43284 |     starlette.staticfiles
import time:      1315 |      44599 |   fastapi.staticfiles
import time:      2042 |       2042 |     app
import time:     17850 |      17850 |         sqlalchemy.util.preloaded
import time:     43394 |      43394 |             sqlalchemy.cyextension
import time:    170900 |     170900 |             sqlalchemy.cyextension.collections
import time:     95700 |      95700 |             sqlalchemy.cyextension.immutabledict
import time:     68577 |      68577 |             sqlalchemy.cyextension.processors
import time:    110897 |     110897 |             sqlalchemy.cyextension.resultproxy
import time:    108394 |     108394 |                     _wmi
import time:     32797 |     141191 |                   platform
import time:    372121 |     513311 |                 sqlalchemy.util.compat
import time:     51658 |     564969 |               sqlalchemy.exc
import time:     97000 |     661968 |             sqlalchemy.cyextension.util
import time:     21209 |    1172643 |           sqlalchemy.util._has_cy
import time:     85779 |      85779 |           sqlalchemy.util.typing
import time:     45342 |    1303763 |         sqlalchemy.util._collections
import time:       239 |        239 |                 _heapq
import time:     18193 |      18431 |               heapq
import time:     84431 |      84431 |               asyncio.constants
import time:     28636 |      28636 |               asyncio.coroutines
import time:     74883 |      74883 |                 asyncio.format_helpers
import time:     33253 |      33253 |                   asyncio.base_futures
import time:     33936 |      33936 |                   asyncio.exceptions
import time:     55534 |      55534 |                   asyncio.base_tasks
import time:     70492 |     193214 |                 _asyncio
import time:     65381 |     333476 |               asyncio.events
import time:     29468 |      29468 |               asyncio.futures
import time:     69801 |      69801 |               asyncio.protocols
import time:     82922 |      82922 |                 asyncio.transports
import time:      2464 |       2464 |                 asyncio.log
import time:     35786 |     121171 |               asyncio.sslproto
import time:     25608 |      25608 |                   asyncio.mixins
import time:     31725 |      57332 |                 asyncio.locks
import time:   1002910 |    1002910 |                   asyncio.queues
import time:     30300 |      30300 |                   asyncio.timeouts
import time:     74848 |    1108057 |                 asyncio.tasks
import time:     17983 |    1183371 |               asyncio.staggered
import time:    762764 |     762764 |               asyncio.trsock
import time:    137197 |    2768742 |             asyncio.base_events
import time:     40302 |      40302 |             asyncio.graph
import time:     42473 |      42473 |             asyncio.runners
import time:     36451 |      36451 |             asyncio.streams
import time:    734716 |     734716 |             asyncio.subprocess
import time:    179156 |     179156 |             asyncio.taskgroups
import time:    397966 |     397966 |             asyncio.threads
import time:     65052 |      65052 |               _overlapped
import time:     39917 |      39917 |               asyncio.base_subprocess
import time:     40781 |      40781 |               asyncio.proactor_events
import time:     82509 |      82509 |                   select
import time:     33969 |     116477 |                 selectors
import time:     59164 |     175641 |               asyncio.selector_events
import time:     35628 |      35628 |               asyncio.windows_utils
import time:    727070 |    1084086 |             asyncio.windows_events
import time:    215560 |    5499448 |           asyncio
import time:    188094 |     188094 |             greenlet._greenlet
import time:     72287 |     260380 |           greenlet
import time:     35770 |      35770 |             sqlalchemy.util.langhelpers
import time:     28052 |      63821 |           sqlalchemy.util._concurrency_py3k
import time:    127244 |    5950892 |         sqlalchemy.util.concurrency
import time:     26114 |      26114 |         sqlalchemy.util.deprecations
import time:     73821 |    7372438 |       sqlalchemy.util
import time:     25402 |      25402 |                         sqlalchemy.event.registry
import time:     32688 |      58089 |                       sqlalchemy.event.legacy
import time:     28942 |      87031 |                     sqlalchemy.event.attr
import time:     52188 |     139218 |                   sqlalchemy.event.base
import time:     71348 |     210565 |                 sqlalchemy.event.api
import time:   1074403 |    1284968 |               sqlalchemy.event
import time:     19284 |      19284 |                     sqlalchemy.log
import time:     52823 |      72106 |                   sqlalchemy.pool.base
import time:     27828 |      99933 |                 sqlalchemy.pool.events
import time:     31153 |      31153 |                   sqlalchemy.util.queue
import time:     24897 |      56049 |                 sqlalchemy.pool.impl
import time:     31993 |     187974 |               sqlalchemy.pool
import time:     34111 |      34111 |                     sqlalchemy.sql.roles
import time:     35517 |      35517 |                     sqlalchemy.inspection
import time:    191704 |     261331 |                   sqlalchemy.sql._typing
import time:     16893 |      16893 |                     sqlalchemy.sql.visitors
import time:     45833 |      45833 |                     sqlalchemy.sql.cache_key
import time:     35470 |      35470 |                       sqlalchemy.sql.operators
import time:     29769 |      65238 |                     sqlalchemy.sql.traversals
import time:     30628 |     158590 |                   sqlalchemy.sql.base
import time:     16382 |      16382 |                     sqlalchemy.sql.coercions
import time:     27670 |      27670 |                           sqlalchemy.sql.annotation
import time:     63058 |      63058 |                               sqlalchemy.sql.type_api
import time:     41581 |     104639 |                             sqlalchemy.sql.elements
import time:     33294 |      33294 |                             sqlalchemy.util.topological
import time:     57814 |     195746 |                           sqlalchemy.sql.ddl
import time:     26374 |      26374 |                                   _compat_pickle
import time:       634 |        634 |                                   _pickle
import time:     33723 |      60730 |                                 pickle
import time:     32356 |      32356 |                                   sqlalchemy.engine._py_processors
import time:     22018 |      54374 |                                 sqlalchemy.engine.processors
import time:     56864 |     171967 |                               sqlalchemy.sql.sqltypes
import time:     60237 |     232204 |                             sqlalchemy.sql.selectable
import time:     41323 |     273526 |                           sqlalchemy.sql.schema
import time:     36224 |     533165 |                         sqlalchemy.sql.util
import time:     32414 |     565578 |                       sqlalchemy.sql.dml
import time:     30886 |     596464 |                     sqlalchemy.sql.crud
import time:     37989 |      37989 |                     sqlalchemy.sql.functions
import time:     42131 |     692965 |                   sqlalchemy.sql.compiler
import time:     26765 |      26765 |                     sqlalchemy.sql._dml_constructors
import time:     27782 |      27782 |                     sqlalchemy.sql._elements_constructors
import time:     27367 |      27367 |                     sqlalchemy.sql._selectable_constructors
import time:     23819 |      23819 |                     sqlalchemy.sql.lambdas
import time:     45066 |     150797 |                   sqlalchemy.sql.expression
import time:     37605 |      37605 |                   sqlalchemy.sql.default_comparator
import time:     28337 |      28337 |                     sqlalchemy.sql.events
import time:     26417 |      54754 |                   sqlalchemy.sql.naming
import time:     59888 |    1415928 |                 sqlalchemy.sql
import time:        88 |    1416016 |               sqlalchemy.sql.compiler
import time:    431178 |    3320134 |             sqlalchemy.engine.interfaces
import time:     19127 |      19127 |             sqlalchemy.engine.util
import time:     54481 |    3393741 |           sqlalchemy.engine.base
import time:     44961 |    3438702 |         sqlalchemy.engine.events
import time:     25469 |      25469 |             sqlalchemy.dialects
import time:     30901 |      56369 |           sqlalchemy.engine.url
import time:     30291 |      30291 |           sqlalchemy.engine.mock
import time:     57410 |     144069 |         sqlalchemy.engine.create
import time:     60593 |      60593 |             sqlalchemy.engine.row
import time:     46065 |     106658 |           sqlalchemy.engine.result
import time:     28261 |     134919 |         sqlalchemy.engine.cursor
import time:     28502 |      28502 |         sqlalchemy.engine.reflection
import time:     49732 |    3795922 |       sqlalchemy.engine
import time:     29332 |      29332 |       sqlalchemy.schema
import time:     38338 |      38338 |       sqlalchemy.types
import time:     42738 |      42738 |         sqlalchemy.engine.characteristics
import time:     40660 |      83397 |       sqlalchemy.engine.default
import time:     79767 |   11399191 |     sqlalchemy
import time:     52711 |      52711 |                   sqlalchemy.sql._orm_types
import time:     36032 |      88743 |                 sqlalchemy.orm._typing
import time:     32729 |     121471 |               sqlalchemy.orm.base
import time:     37810 |      37810 |               sqlalchemy.orm.mapped_collection
import time:     44398 |     203679 |             sqlalchemy.orm.collections
import time:     35606 |      35606 |               sqlalchemy.orm.path_registry
import time:     55455 |      91060 |             sqlalchemy.orm.interfaces
import time:     45036 |     339774 |           sqlalchemy.orm.attributes
import time:     37045 |     376818 |         sqlalchemy.orm.util
import time:     28030 |     404848 |       sqlalchemy.orm.exc
import time:     47268 |      47268 |           sqlalchemy.orm.state
import time:     25843 |      73110 |         sqlalchemy.orm.instrumentation
import time:      2184 |       2184 |               sqlalchemy.future.engine
import time:     23541 |      25724 |             sqlalchemy.future
import time:     30502 |      56226 |           sqlalchemy.orm.context
import time:     59788 |      59788 |               sqlalchemy.orm.strategy_options
import time:     32585 |      32585 |               sqlalchemy.orm.descriptor_props
import time:     54444 |      54444 |               sqlalchemy.orm.relationships
import time:     30310 |     177126 |             sqlalchemy.orm.properties
import time:     51844 |      51844 |             sqlalchemy.orm.query
import time:     29514 |      29514 |             sqlalchemy.orm.unitofwork
import time:     23868 |      23868 |                 sqlalchemy.orm.evaluator
import time:     73125 |      73125 |                   sqlalchemy.orm.sync
import time:     27213 |     100337 |                 sqlalchemy.orm.persistence
import time:     31147 |     155351 |               sqlalchemy.orm.bulk_persistence
import time:     31812 |      31812 |               sqlalchemy.orm.identity
import time:     34312 |      34312 |               sqlalchemy.orm.state_changes
import time:     74382 |     295855 |             sqlalchemy.orm.session
import time:     28856 |     583194 |           sqlalchemy.orm.strategies
import time:     32841 |     672260 |         sqlalchemy.orm.loading
import time:     25088 |     770457 |       sqlalchemy.orm.mapper
import time:     18678 |      18678 |       sqlalchemy.orm._orm_constructors
import time:     33314 |      33314 |         sqlalchemy.orm.clsregistry
import time:     69779 |      69779 |         sqlalchemy.orm.decl_base
import time:     26628 |     129720 |       sqlalchemy.orm.decl_api
import time:     33156 |      33156 |         sqlalchemy.orm.writeonly
import time:     25391 |      58546 |       sqlalchemy.orm.dynamic
import time:     31926 |      31926 |         sqlalchemy.orm.scoping
import time:     36588 |      68513 |       sqlalchemy.orm.events
import time:     37930 |      37930 |       sqlalchemy.orm.dependency
import time:     27200 |    1515890 |     sqlalchemy.orm
import time:     28874 |      28874 |           dotenv.parser
import time:     37552 |      37552 |           dotenv.variables
import time:     35105 |     101529 |         dotenv.main
import time:     24970 |     126498 |       dotenv
import time:     37814 |     164312 |     app.config
import time:     18480 |      18480 |         sqlalchemy.dialects.postgresql.operators
import time:     36091 |      54571 |       sqlalchemy.dialects.postgresql.array
import time:     22524 |      22524 |         sqlalchemy.dialects.postgresql.json
import time:     31133 |      31133 |         sqlalchemy.dialects.postgresql.ranges
import time:     28591 |      28591 |             sqlalchemy.dialects.postgresql.types
import time:     41572 |      70162 |           sqlalchemy.dialects.postgresql.pg_catalog
import time:     32411 |      32411 |           sqlalchemy.dialects.postgresql.ext
import time:     47565 |      47565 |           sqlalchemy.dialects.postgresql.hstore
import time:     23187 |      23187 |           sqlalchemy.dialects.postgresql.named_types
import time:     58517 |     231841 |         sqlalchemy.dialects.postgresql.base
import time:     28788 |      28788 |           sqlalchemy.connectors
import time:     28917 |      57705 |         sqlalchemy.connectors.asyncio
import time:     35703 |     378903 |       sqlalchemy.dialects.postgresql.asyncpg
import time:     28530 |      28530 |       sqlalchemy.dialects.postgresql.pg8000
import time:     54371 |      54371 |         sqlalchemy.dialects.postgresql._psycopg_common
import time:     13704 |      68074 |       sqlalchemy.dialects.postgresql.psycopg
import time:     39841 |      39841 |       sqlalchemy.dialects.postgresql.psycopg2
import time:     25693 |      25693 |       sqlalchemy.dialects.postgresql.psycopg2cffi
import time:     30114 |      30114 |         sqlalchemy.dialects._typing
import time:     22765 |      52878 |       sqlalchemy.dialects.postgresql.dml
import time:     68475 |     716963 |     sqlalchemy.dialects.postgresql
import time:      1356 |       1356 |         psycopg2.errors
import time:   1130281 |    1131636 |       psycopg2._psycopg
import time:     32585 |      32585 |         psycopg2._json
import time:     38346 |      38346 |         psycopg2._range
import time:     33869 |     104800 |       psycopg2.extensions
import time:     73670 |    1310105 |     psycopg2
import time:     43171 |      43171 |       psycopg2._ipaddress
import time:     32150 |      75321 |     psycopg2.extras
import time:    126786 |   15310606 |   app.database
import time:       861 |        861 |   app.routers
import time:     69009 |      69009 |     app.models
import time:    150807 |     150807 |     app.schemas
import time:     45133 |      45133 |         jose.exceptions
import time:      2155 |      47287 |       jose
import time:     34904 |      34904 |         calendar
import time:      1218 |       1218 |                         cryptography
import time:       120 |       1338 |                       cryptography.utils
import time:     24920 |      24920 |                           six
import time:      1049 |       1049 |                                 gmpy2
import time:       829 |        829 |                                 gmpy
import time:       160 |        160 |                                   six.moves
import time:      1208 |       1208 |                                   gmpy2
import time:      1083 |       1083 |                                   gmpy
import time:     29219 |      29219 |                                       ecdsa._compat
import time:     32583 |      61802 |                                     ecdsa.der
import time:     24296 |      86097 |                                   ecdsa.util
import time:     40704 |     129251 |                                 ecdsa.numbertheory
import time:      1586 |       1586 |                                 ecdsa.errors
import time:     27440 |     160153 |                               ecdsa.ellipticcurve
import time:     56112 |     216264 |                             ecdsa.ecdsa
import time:     21966 |      21966 |                               ecdsa._sha3
import time:     38880 |      60846 |                             ecdsa.eddsa
import time:     16805 |      16805 |                             ecdsa.ssh
import time:      1890 |       1890 |                             ecdsa.rfc6979
import time:     26213 |      26213 |                             ecdsa.curves
import time:     29430 |     351445 |                           ecdsa.keys
import time:     21638 |      21638 |                           ecdsa.ecdh
import time:     32215 |      32215 |                           ecdsa._version
import time:     34894 |     465110 |                         ecdsa
import time:        72 |     465181 |                       ecdsa.ecdsa
import time:     44005 |     510523 |                     jose.utils
import time:     33368 |     543890 |                   jose.backends.base
import time:     22864 |      22864 |                   jose.constants
import time:     18769 |     585522 |                 jose.backends.native
import time:       845 |        845 |                     cryptography
import time:        92 |        936 |                   cryptography.exceptions
import time:     27746 |      28682 |                 jose.backends.cryptography_backend
import time:     45760 |      45760 |                         rsa.common
import time:     45643 |      45643 |                           rsa.transform
import time:     30928 |      76571 |                         rsa.randnum
import time:     58895 |     181226 |                       rsa.prime
import time:     21154 |      21154 |                       rsa.pem
import time:     59934 |      59934 |                       rsa.core
import time:    122920 |     385234 |                     rsa.key
import time:     51843 |      51843 |                     rsa.pkcs1
import time:     76921 |     513997 |                   rsa
import time:      2093 |       2093 |                     pyasn1
import time:     72677 |      74770 |                   pyasn1.error
import time:      1554 |       1554 |                       pyasn1.codec
import time:     40508 |      42061 |                     pyasn1.codec.der
import time:     55363 |      55363 |                       pyasn1.codec.cer
import time:     19821 |      19821 |                           pyasn1.type
import time:      1739 |       1739 |                             pyasn1.codec.ber
import time:      1691 |       1691 |                                   pyasn1.type.error
import time:     42894 |      44584 |                                 pyasn1.type.constraint
import time:     35377 |      35377 |                                 pyasn1.type.tag
import time:     74305 |      74305 |                                 pyasn1.type.tagmap
import time:     53954 |     208219 |                               pyasn1.type.base
import time:     95970 |     304188 |                             pyasn1.codec.ber.eoo
import time:     90893 |      90893 |                             pyasn1.compat
import time:    102809 |     102809 |                             pyasn1.compat.integer
import time:     81029 |      81029 |                             pyasn1.type.namedtype
import time:     42034 |      42034 |                             pyasn1.type.namedval
import time:     77907 |     700597 |                           pyasn1.type.univ
import time:     56962 |     777380 |                         pyasn1.codec.streaming
import time:     33628 |      33628 |                           pyasn1.debug
import time:     27134 |      27134 |                           pyasn1.type.char
import time:     22811 |      22811 |                           pyasn1.type.useful
import time:     35942 |     119514 |                         pyasn1.codec.ber.decoder
import time:     55825 |     952718 |                       pyasn1.codec.cer.decoder
import time:     28409 |    1036489 |                     pyasn1.codec.der.decoder
import time:     29888 |      29888 |                         pyasn1.codec.ber.encoder
import time:     51107 |      80994 |                       pyasn1.codec.cer.encoder
import time:     65226 |     146220 |                     pyasn1.codec.der.encoder
import time:     20906 |    1245675 |                   jose.backends._asn1
import time:     77450 |    1911891 |                 jose.backends.rsa_backend
import time:       928 |        928 |                     cryptography
import time:       113 |       1041 |                   cryptography.exceptions
import time:      7527 |       8568 |                 jose.backends.cryptography_backend
import time:     31642 |      31642 |                 jose.backends.ecdsa_backend
import time:      1313 |       1313 |                     cryptography
import time:       110 |       1423 |                   cryptography.exceptions
import time:      2016 |       3438 |                 jose.backends.cryptography_backend
import time:      1418 |       1418 |                     cryptography
import time:       235 |       1652 |                   cryptography.exceptions
import time:      2074 |       3725 |                 jose.backends.cryptography_backend
import time:     47650 |    2621115 |               jose.backends
import time:        89 |    2621203 |             jose.backends.base
import time:      1491 |    2622694 |           jose.jwk
import time:     55554 |    2678248 |         jose.jws
import time:    112806 |    2825958 |       jose.jwt
import time:      2684 |       2684 |         passlib
import time:     32342 |      32342 |         passlib.exc
import time:     55958 |      55958 |                 passlib.utils.compat
import time:   2508072 |    2508072 |                   unicodedata
import time:     47432 |    2555503 |                 stringprep
import time:       144 |        144 |                   gc
import time:    447723 |     447866 |                 timeit
import time:    422193 |     422193 |                   passlib.utils.decor
import time:    151831 |     574023 |                 passlib.utils.binary
import time:      1390 |       1390 |                 crypt
import time:     68309 |    3703047 |               passlib.utils
import time:       110 |    3703156 |             passlib.utils.decor
import time:     38682 |    3741837 |           passlib.ifc
import time:     26925 |    3768762 |         passlib.registry
import time:    228316 |     228316 |         passlib.utils.handlers
import time:    579270 |     579270 |         configparser
import time:     35474 |    4646846 |       passlib.context
import time:      1711 |       1711 |         passlib.handlers
import time:      1381 |       1381 |           passlib.crypto
import time:      1403 |       1403 |           fastpbkdf2
import time:    238772 |     241554 |         passlib.crypto.digest
import time:    286924 |     530188 |       passlib.handlers.bcrypt
import time:     40365 |    8090642 |     app.security
import time:    118839 |     118839 |     app.deps
import time:       692 |        692 |       app.services
import time:     64910 |      64910 |         email.generator
import time:     87052 |     151962 |       smtplib
import time:      1445 |       1445 |         email.mime
import time:    100654 |     100654 |               email._header_value_parser
import time:     69376 |     170030 |             email.headerregistry
import time:    107588 |     107588 |             email.contentmanager
import time:     42932 |     320548 |           email.policy
import time:     33385 |     353933 |         email.mime.base
import time:     33452 |     388829 |       email.mime.multipart
import time:     32863 |      32863 |         email.mime.nonmultipart
import time:     39312 |      72175 |       email.mime.text
import time:    223232 |     836888 |     app.services.email_service
import time:     27032 |      27032 |             pydantic.v1.typing
import time:     68629 |      95661 |           pydantic.v1.errors
import time:       868 |        868 |               cython
import time:     49360 |      50227 |             pydantic.v1.version
import time:     23166 |      73393 |           pydantic.v1.utils
import time:     45219 |     214272 |         pydantic.v1.class_validators
import time:     60724 |      60724 |         pydantic.v1.config
import time:     33641 |      33641 |             pydantic.v1.color
import time:     26817 |      26817 |                 pydantic.v1.datetime_parse
import time:     25498 |      52315 |               pydantic.v1.validators
import time:     58954 |     111268 |             pydantic.v1.networks
import time:     31674 |      31674 |             pydantic.v1.types
import time:     19655 |     196238 |           pydantic.v1.json
import time:     14075 |     210312 |         pydantic.v1.error_wrappers
import time:     17159 |      17159 |         pydantic.v1.fields
import time:     79268 |      79268 |           pydantic.v1.parse
import time:     71031 |      71031 |           pydantic.v1.schema
import time:     28182 |     178480 |         pydantic.v1.main
import time:     65059 |     746004 |       pydantic.v1.dataclasses
import time:     39718 |      39718 |       pydantic.v1.annotated_types
import time:     20911 |      20911 |       pydantic.v1.decorator
import time:     32031 |      32031 |       pydantic.v1.env_settings
import time:     24853 |      24853 |       pydantic.v1.tools
import time:     58112 |     921627 |     pydantic.v1
import time:     97258 |   10285067 |   app.routers.auth
import time:      1094 |       1094 |             pwd
import time:       777 |        777 |             grp
import time:    296758 |     298628 |           tarfile
import time:   2304084 |    2304084 |             pymupdf._extra
import time:    587898 |    2891981 |           pymupdf.extra
import time:   6370278 |    6370278 |             pymupdf._mupdf
